# 8th debate for dems 'CLINTONCLINTON'